[  640926ms] [ERROR] Failed to load resource: net::ERR_CONNECTION_REFUSED @ http://localhost:3002/admin?_rsc=pycS6DXtmQDv_Wt6:0
[  640934ms] [ERROR] Failed to fetch RSC payload for http://localhost:3002/admin. Falling back to browser navigation. TypeError: Failed to fetch
    at y (http://localhost:3002/_next/static/chunks/1255-7316b50163a428e6.js:1:40385)
    at async _ (http://localhost:3002/_next/static/chunks/1255-7316b50163a428e6.js:1:39243)
    at async Object.o [as task] (http://localhost:3002/_next/static/chunks/1255-7316b50163a428e6.js:1:172751) @ http://localhost:3002/_next/static/chunks/1255-7316b50163a428e6.js:0
[ 1671597ms] [ERROR] Failed to load resource: net::ERR_CONNECTION_REFUSED @ http://localhost:3002/zh/products/manli/preview?_rsc=pycS6DXtmQDv_Wt6:0
[ 1671600ms] [ERROR] Failed to fetch RSC payload for http://localhost:3002/zh/products/manli/preview. Falling back to browser navigation. TypeError: Failed to fetch
    at y (http://localhost:3002/_next/static/chunks/1255-7316b50163a428e6.js:1:40385)
    at async _ (http://localhost:3002/_next/static/chunks/1255-7316b50163a428e6.js:1:39243)
    at async Object.o [as task] (http://localhost:3002/_next/static/chunks/1255-7316b50163a428e6.js:1:172751) @ http://localhost:3002/_next/static/chunks/1255-7316b50163a428e6.js:0
[ 2038892ms] [ERROR] Failed to load resource: net::ERR_CONNECTION_REFUSED @ http://localhost:3002/admin?_rsc=pycS6DXtmQDv_Wt6:0
[ 2038892ms] [ERROR] Failed to fetch RSC payload for http://localhost:3002/admin. Falling back to browser navigation. TypeError: Failed to fetch
    at y (http://localhost:3002/_next/static/chunks/1255-7316b50163a428e6.js:1:40385)
    at async _ (http://localhost:3002/_next/static/chunks/1255-7316b50163a428e6.js:1:39243)
    at async Object.o [as task] (http://localhost:3002/_next/static/chunks/1255-7316b50163a428e6.js:1:172751) @ http://localhost:3002/_next/static/chunks/1255-7316b50163a428e6.js:0
[ 2039866ms] [ERROR] Failed to load resource: net::ERR_CONNECTION_REFUSED @ http://localhost:3002/admin/company?_rsc=pycS6DXtmQDv_Wt6:0
[ 2039866ms] [ERROR] Failed to fetch RSC payload for http://localhost:3002/admin/company. Falling back to browser navigation. TypeError: Failed to fetch
    at y (http://localhost:3002/_next/static/chunks/1255-7316b50163a428e6.js:1:40385)
    at async _ (http://localhost:3002/_next/static/chunks/1255-7316b50163a428e6.js:1:39243)
    at async Object.o [as task] (http://localhost:3002/_next/static/chunks/1255-7316b50163a428e6.js:1:172751) @ http://localhost:3002/_next/static/chunks/1255-7316b50163a428e6.js:0
[ 2432948ms] [ERROR] Failed to load resource: net::ERR_CONNECTION_REFUSED @ http://localhost:3002/zh/products/manli/preview?_rsc=pycS6DXtmQDv_Wt6:0
[ 2432948ms] [ERROR] Failed to fetch RSC payload for http://localhost:3002/zh/products/manli/preview. Falling back to browser navigation. TypeError: Failed to fetch
    at y (http://localhost:3002/_next/static/chunks/1255-7316b50163a428e6.js:1:40385)
    at async _ (http://localhost:3002/_next/static/chunks/1255-7316b50163a428e6.js:1:39243)
    at async Object.o [as task] (http://localhost:3002/_next/static/chunks/1255-7316b50163a428e6.js:1:172751) @ http://localhost:3002/_next/static/chunks/1255-7316b50163a428e6.js:0
[ 2433054ms] [ERROR] Failed to load resource: net::ERR_CONNECTION_REFUSED @ http://localhost:3002/admin?_rsc=pycS6DXtmQDv_Wt6:0
[ 2433054ms] [ERROR] Failed to fetch RSC payload for http://localhost:3002/admin. Falling back to browser navigation. TypeError: Failed to fetch
    at y (http://localhost:3002/_next/static/chunks/1255-7316b50163a428e6.js:1:40385)
    at async _ (http://localhost:3002/_next/static/chunks/1255-7316b50163a428e6.js:1:39243)
    at async Object.o [as task] (http://localhost:3002/_next/static/chunks/1255-7316b50163a428e6.js:1:172751) @ http://localhost:3002/_next/static/chunks/1255-7316b50163a428e6.js:0
